---
title: Debian 存储故障处理
description: 学习如何识别和解决Debian系统中的存储故障，包括磁盘错误、文件系统损坏和分区问题。
---

## 介绍

在Debian系统中，存储故障可能会导致数据丢失、系统崩溃或性能下降。存储故障可能由多种原因引起，例如磁盘损坏、文件系统错误或分区表损坏。本文将逐步介绍如何识别和解决这些常见的存储问题。

## 1. 检查磁盘健康状态

首先，我们需要检查磁盘的健康状态。可以使用 `smartctl` 工具来检查磁盘的 SMART 数据。

### 安装 `smartmontools`

```bash
sudo apt-get install smartmontools
```

### 检查磁盘健康状态

```bash
sudo smartctl -a /dev/sda
```

输出示例：

```
SMART overall-health self-assessment test result: PASSED
```

如果输出显示 `FAILED`，则表明磁盘可能存在硬件问题，建议备份数据并更换磁盘。

## 2. 检查文件系统错误

文件系统错误可能导致数据无法访问或系统无法启动。我们可以使用 `fsck` 工具来检查和修复文件系统错误。

### 卸载文件系统

在运行 `fsck` 之前，需要确保文件系统未被挂载。

```bash
sudo umount /dev/sda1
```

### 运行 `fsck`

```bash
sudo fsck /dev/sda1
```

输出示例：

```
fsck from util-linux 2.36.1
e2fsck 1.46.2 (28-Feb-2021)
/dev/sda1: clean, 12345/123456 files, 1234567/12345678 blocks
```

如果 `fsck` 发现错误，它会提示你进行修复。按照提示操作即可。

## 3. 修复分区表

分区表损坏可能导致系统无法识别磁盘分区。我们可以使用 `fdisk` 或 `gdisk` 工具来修复分区表。

### 使用 `fdisk` 查看分区表

```bash
sudo fdisk -l /dev/sda
```

输出示例：

```
Disk /dev/sda: 100 GiB, 107374182400 bytes, 209715200 sectors
Disk model: VBOX HARDDISK
Units: sectors of 1 * 512 = 512 bytes
Sector size (logical/physical): 512 bytes / 512 bytes
I/O size (minimum/optimal): 512 bytes / 512 bytes
Disklabel type: dos
Disk identifier: 0x12345678

Device     Boot   Start       End   Sectors  Size Id Type
/dev/sda1  *       2048   2099199   2097152    1G 83 Linux
/dev/sda2       2099200 209715199 207616000   99G 8e Linux LVM
```

如果分区表显示异常，可以使用 `fdisk` 或 `gdisk` 进行修复。

## 4. 实际案例

### 案例1：磁盘读写速度变慢

用户报告磁盘读写速度变慢，经过检查发现磁盘有坏道。使用 `smartctl` 检查磁盘健康状态，发现 `Reallocated_Sector_Ct` 值较高，表明磁盘存在坏道。建议用户备份数据并更换磁盘。

### 案例2：系统无法启动

用户报告系统无法启动，经过检查发现文件系统损坏。使用 `fsck` 修复文件系统后，系统恢复正常。

## 总结

存储故障是Debian系统中常见的问题，但通过适当的工具和方法，我们可以有效地识别和解决这些问题。本文介绍了如何使用 `smartctl`、`fsck` 和 `fdisk` 等工具来检查和修复存储故障。

## 附加资源

- [Debian 官方文档](https://www.debian.org/doc/)
- [smartmontools 官方文档](https://www.smartmontools.org/)
- [fsck 手册页](https://man7.org/linux/man-pages/man8/fsck.8.html)

## 练习

1. 使用 `smartctl` 检查你的系统磁盘的健康状态。
2. 使用 `fsck` 检查并修复一个未挂载的文件系统。
3. 使用 `fdisk` 查看并修复一个损坏的分区表。

通过完成这些练习，你将更好地理解如何在实际操作中处理Debian系统中的存储故障。